Renesas Optimizing Linker (W3.08.00 )             10-Mar-2026 13:25:29

*** Options ***

-MAKEUD=DefaultBuild\DBDY_100GGJ_V1.3.lk.ud
-subcommand=DefaultBuild\DBDY_100GGJ_V1.3.clnk
-Input=DefaultBuild\main.obj
-Input=DefaultBuild\Config_ITL000.obj
-Input=DefaultBuild\Config_ITL000_user.obj
-Input=DefaultBuild\Config_ITL001.obj
-Input=DefaultBuild\Config_ITL001_user.obj
-Input=DefaultBuild\Config_ITL012.obj
-Input=DefaultBuild\Config_ITL012_user.obj
-Input=DefaultBuild\Config_ITL013.obj
-Input=DefaultBuild\Config_ITL013_user.obj
-Input=DefaultBuild\Config_TAU0_0.obj
-Input=DefaultBuild\Config_TAU0_0_user.obj
-Input=DefaultBuild\Config_TAU0_1.obj
-Input=DefaultBuild\Config_TAU0_1_user.obj
-Input=DefaultBuild\Config_TAU0_2.obj
-Input=DefaultBuild\Config_TAU0_2_user.obj
-Input=DefaultBuild\Config_WDT.obj
-Input=DefaultBuild\Config_WDT_user.obj
-Input=DefaultBuild\r_cg_itl_common.obj
-Input=DefaultBuild\r_cg_itl_common_user.obj
-Input=DefaultBuild\r_cg_systeminit.obj
-Input=DefaultBuild\r_cg_tau_common.obj
-Input=DefaultBuild\hdwinit.obj
-Input=DefaultBuild\r_bsp_init.obj
-Input=DefaultBuild\stkinit.obj
-Input=DefaultBuild\cstart.obj
-Input=DefaultBuild\r_bsp_common.obj
-Input=DefaultBuild\r_bsp_common_ccrl.obj
-Input=DefaultBuild\mcu_clocks.obj
-Input=DefaultBuild\Pin.obj
-Input=DefaultBuild\Config_UARTA0.obj
-Input=DefaultBuild\Config_UARTA0_user.obj
-Input=DefaultBuild\Config_UARTA1.obj
-Input=DefaultBuild\Config_UARTA1_user.obj
-Input=DefaultBuild\r_cg_uarta_common.obj
-Input=DefaultBuild\Config_ADC.obj
-Input=DefaultBuild\Config_ADC_user.obj
-Input=DefaultBuild\Config_LVD1.obj
-Input=DefaultBuild\Config_LVD1_user.obj
-Input=DefaultBuild\Config_PORT.obj
-Input=DefaultBuild\Config_PORT_user.obj
-Input=DefaultBuild\r_cg_ad_common.obj
-Input=DefaultBuild\r_cg_lvd_common.obj
-Input=DefaultBuild\r_cg_lvd_common_user.obj
-Input=DefaultBuild\24C02.obj
-Input=DefaultBuild\I2C.obj
-Input=DefaultBuild\CRCA001.obj
-Input=DefaultBuild\MODBUS_SLAVE.obj
-Input=DefaultBuild\Config_RTC.obj
-Input=DefaultBuild\Config_RTC_user.obj
-Input=DefaultBuild\r_cg_rtc_common.obj
-SECURITY_ID=00000000000000000000
-DEVICE=C:\Program Files (x86)\Renesas Electronics\CS+\CC\Device\RL78\Devicefile\DR7F100GGJ.DVF
-DEBug
-NOCOmpress
-NOOPtimize
-OUtput=DefaultBuild\DBDY_100GGJ_V1.3.abs
-OCDBG=04
-USER_OPT_BYTE=7BFBE8
-LISt=DefaultBuild\DBDY_100GGJ_V1.3.map
-AUTO_SECTION_LAYOUT
-ROm=.data=.dataR
-ROm=.sdata=.sdataR
-NOMessage
-MEMory=High
-NOLOgo
-LIBrary=DefaultBuild\DBDY_100GGJ_V1.3.lib
-end

*** Error information ***

*** Mapping List ***

SECTION                            START      END         SIZE   ALIGN
.vect
                                  00000000  0000007f        80   0
.constf
                                  00000080  00000080         0   2
.init_array
                                  00000080  00000080         0   2
.sdata
                                  00000080  00000080         0   2
.option_byte
                                  000000c0  000000c3         4   1
.security_id
                                  000000c4  000000cd         a   1
.RLIB
                                  000000c4  000000c4         0   1
.data
                                  000000ce  000002cb       1fe   2
.text
                                  000002cc  000006ff       434   1
.SLIB
                                  00000700  00000af6       3f7   1
.const
                                  00003000  00003677       678   2
.textf
                                  00003678  000065f6      2f7f   1
.bss
                                  000f9f00  000fbada      1bdb   2
.dataR
                                  000fbadc  000fbcd9       1fe   2
.sbss
                                  000ffe20  000ffe20         0   2
.sdataR
                                  000ffe20  000ffe20         0   2
